go : package github.com/mikestefanello/p
agoda/cmd/seed
At line:1 char:1
+ go build ./... 2>&1 | Out-File 
-FilePath build_errors.txt -Encoding u 
...
+ ~~~~~~~~~~~~~~~~~~~
    + CategoryInfo          : NotSpecif 
   ied: (package github....pagoda/cmd/  
  seed:String) [], RemoteException
    + FullyQualifiedErrorId : NativeCom 
   mandError
 
	imports github.com/mikestefanello/pagod
a/pkg/services from main.go
	imports github.com/mikestefanello/pagod
a/pkg/types from client_helpers.go
	imports github.com/mikestefanello/pagod
a/pkg/controller from committed.go
	imports github.com/mikestefanello/pagod
a/pkg/middleware from controller.go
	imports github.com/mikestefanello/pagod
a/pkg/services from auth.go: import 
cycle not allowed
